// Jest Snapshot v1, https://goo.gl/fbAQLP

exports[`renders without crashing 1`] = `
<div
  className="App"
>
  <header
    className="App-header"
  >
    <p>
      Anagrams
    </p>
  </header>
  <div
    className="word"
  >
    <form>
      <input
        className="word"
        placeholder="Enter your word"
        required={true}
        type="text"
      />
      <input
        type="submit"
        value="Submit"
      />
    </form>
  </div>
</div>
`;
